exports[`<Tracker /> renders correctly 1`] = `
<div>
  <h1
    className="page-title">
    Time Tracker
  </h1>
  <div>
    <label
      htmlFor="input-show-completed">
      <input
        id="input-show-completed"
        onChange={[Function]}
        type="checkbox" />
      Show completed days
    </label>
  </div>
  <div>
    <div>
      Friday, December 2nd 2016
      <div>
        Time ranges:
        <div>
          from 
          8:57 AM
           to 
          1:01 PM
        </div>
        <div>
          from 
          2:00 PM
           to 
          6:00 PM
        </div>
      </div>
      <div>
        Total time tracked: 
        8
         hours 
        4
         minutes
      </div>
    </div>
    <div>
      Saturday, December 3rd 2016
      <div>
        Time ranges:
        <div>
          from 
          10:00 AM
           to 
          1:00 PM
        </div>
        <div>
          from 
          2:00 PM
           to 
          7:00 PM
        </div>
      </div>
      <div>
        Total time tracked: 
        8
         hours 
        0
         minutes
      </div>
    </div>
  </div>
  <form
    onSubmit={[Function]}>
    <input
      onChange={[Function]}
      type="date"
      value="2016-12-04" />
    <button
      className="button expanded">
      Check-in
    </button>
  </form>
</div>
`;
