exports[`<Tracker /> renders correctly 1`] = `
<div>
  <h1
    className="page-title">
    Time Tracker
  </h1>
  <div>
    <div>
      yesterday
      <div>
        <p>
          Ranges:
          <span>
            From: 
            9
          </span>
          <span>
            To: 
            12
          </span>
        </p>
        <p>
          Ranges:
          <span>
            From: 
            13
          </span>
          <span>
            To: 
            18
          </span>
        </p>
      </div>
    </div>
    <div>
      today
      <div>
        <p>
          Ranges:
          <span>
            From: 
            8
          </span>
          <span>
            To: 
            12
          </span>
        </p>
        <p>
          Ranges:
          <span>
            From: 
            13
          </span>
          <span>
            To: 
            17
          </span>
        </p>
      </div>
    </div>
  </div>
</div>
`;
