exports[`<ItemControls /> renders correctly 1`] = `
<div
  className="button-group">
  <form
    id="handle-new-range-form"
    onSubmit={[Function]}>
    <input
      placeholder="--:--"
      type="time" />
    <input
      placeholder="--:--"
      type="time" />
    <button
      className="button primary">
      Add range
    </button>
  </form>
  <button
    className="button alert hollow"
    id="lock-button"
    onClick={[Function]}>
    Lock
  </button>
</div>
`;
